Archive member included to satisfy reference by file (symbol)

c:/st/stm32cubeide_1.12.0/stm32cubeide/plugins/com.st.stm32cube.ide.mcu.externaltools.gnu-tools-for-stm32.10.3-2021.10.win32_1.0.200.202301161003/tools/bin/../lib/gcc/arm-none-eabi/10.3.1/../../../../arm-none-eabi/lib/thumb/v7e-m+fp/hard\libc_nano.a(lib_a-errno.o)
                              ./Core/Src/syscalls.o (__errno)
c:/st/stm32cubeide_1.12.0/stm32cubeide/plugins/com.st.stm32cube.ide.mcu.externaltools.gnu-tools-for-stm32.10.3-2021.10.win32_1.0.200.202301161003/tools/bin/../lib/gcc/arm-none-eabi/10.3.1/../../../../arm-none-eabi/lib/thumb/v7e-m+fp/hard\libc_nano.a(lib_a-exit.o)
                              c:/st/stm32cubeide_1.12.0/stm32cubeide/plugins/com.st.stm32cube.ide.mcu.externaltools.gnu-tools-for-stm32.10.3-2021.10.win32_1.0.200.202301161003/tools/bin/../lib/gcc/arm-none-eabi/10.3.1/../../../../arm-none-eabi/lib/thumb/v7e-m+fp/hard/crt0.o (exit)
c:/st/stm32cubeide_1.12.0/stm32cubeide/plugins/com.st.stm32cube.ide.mcu.externaltools.gnu-tools-for-stm32.10.3-2021.10.win32_1.0.200.202301161003/tools/bin/../lib/gcc/arm-none-eabi/10.3.1/../../../../arm-none-eabi/lib/thumb/v7e-m+fp/hard\libc_nano.a(lib_a-impure.o)
                              c:/st/stm32cubeide_1.12.0/stm32cubeide/plugins/com.st.stm32cube.ide.mcu.externaltools.gnu-tools-for-stm32.10.3-2021.10.win32_1.0.200.202301161003/tools/bin/../lib/gcc/arm-none-eabi/10.3.1/../../../../arm-none-eabi/lib/thumb/v7e-m+fp/hard\libc_nano.a(lib_a-exit.o) (_global_impure_ptr)
c:/st/stm32cubeide_1.12.0/stm32cubeide/plugins/com.st.stm32cube.ide.mcu.externaltools.gnu-tools-for-stm32.10.3-2021.10.win32_1.0.200.202301161003/tools/bin/../lib/gcc/arm-none-eabi/10.3.1/../../../../arm-none-eabi/lib/thumb/v7e-m+fp/hard\libc_nano.a(lib_a-init.o)
                              c:/st/stm32cubeide_1.12.0/stm32cubeide/plugins/com.st.stm32cube.ide.mcu.externaltools.gnu-tools-for-stm32.10.3-2021.10.win32_1.0.200.202301161003/tools/bin/../lib/gcc/arm-none-eabi/10.3.1/../../../../arm-none-eabi/lib/thumb/v7e-m+fp/hard/crt0.o (__libc_init_array)
c:/st/stm32cubeide_1.12.0/stm32cubeide/plugins/com.st.stm32cube.ide.mcu.externaltools.gnu-tools-for-stm32.10.3-2021.10.win32_1.0.200.202301161003/tools/bin/../lib/gcc/arm-none-eabi/10.3.1/../../../../arm-none-eabi/lib/thumb/v7e-m+fp/hard\libc_nano.a(lib_a-memset.o)
                              c:/st/stm32cubeide_1.12.0/stm32cubeide/plugins/com.st.stm32cube.ide.mcu.externaltools.gnu-tools-for-stm32.10.3-2021.10.win32_1.0.200.202301161003/tools/bin/../lib/gcc/arm-none-eabi/10.3.1/../../../../arm-none-eabi/lib/thumb/v7e-m+fp/hard/crt0.o (memset)
c:/st/stm32cubeide_1.12.0/stm32cubeide/plugins/com.st.stm32cube.ide.mcu.externaltools.gnu-tools-for-stm32.10.3-2021.10.win32_1.0.200.202301161003/tools/bin/../lib/gcc/arm-none-eabi/10.3.1/thumb/v7e-m+fp/hard\libgcc.a(_aeabi_uldivmod.o)
                              ./Drivers/STM32F4xx_HAL_Driver/Src/stm32f4xx_hal_rcc.o (__aeabi_uldivmod)
c:/st/stm32cubeide_1.12.0/stm32cubeide/plugins/com.st.stm32cube.ide.mcu.externaltools.gnu-tools-for-stm32.10.3-2021.10.win32_1.0.200.202301161003/tools/bin/../lib/gcc/arm-none-eabi/10.3.1/thumb/v7e-m+fp/hard\libgcc.a(_udivmoddi4.o)
                              c:/st/stm32cubeide_1.12.0/stm32cubeide/plugins/com.st.stm32cube.ide.mcu.externaltools.gnu-tools-for-stm32.10.3-2021.10.win32_1.0.200.202301161003/tools/bin/../lib/gcc/arm-none-eabi/10.3.1/thumb/v7e-m+fp/hard\libgcc.a(_aeabi_uldivmod.o) (__udivmoddi4)
c:/st/stm32cubeide_1.12.0/stm32cubeide/plugins/com.st.stm32cube.ide.mcu.externaltools.gnu-tools-for-stm32.10.3-2021.10.win32_1.0.200.202301161003/tools/bin/../lib/gcc/arm-none-eabi/10.3.1/thumb/v7e-m+fp/hard\libgcc.a(_dvmd_tls.o)
                              c:/st/stm32cubeide_1.12.0/stm32cubeide/plugins/com.st.stm32cube.ide.mcu.externaltools.gnu-tools-for-stm32.10.3-2021.10.win32_1.0.200.202301161003/tools/bin/../lib/gcc/arm-none-eabi/10.3.1/thumb/v7e-m+fp/hard\libgcc.a(_aeabi_uldivmod.o) (__aeabi_ldiv0)

Discarded input sections

 .text          0x0000000000000000        0x0 c:/st/stm32cubeide_1.12.0/stm32cubeide/plugins/com.st.stm32cube.ide.mcu.externaltools.gnu-tools-for-stm32.10.3-2021.10.win32_1.0.200.202301161003/tools/bin/../lib/gcc/arm-none-eabi/10.3.1/thumb/v7e-m+fp/hard/crti.o
 .data          0x0000000000000000        0x0 c:/st/stm32cubeide_1.12.0/stm32cubeide/plugins/com.st.stm32cube.ide.mcu.externaltools.gnu-tools-for-stm32.10.3-2021.10.win32_1.0.200.202301161003/tools/bin/../lib/gcc/arm-none-eabi/10.3.1/thumb/v7e-m+fp/hard/crti.o
 .bss           0x0000000000000000        0x0 c:/st/stm32cubeide_1.12.0/stm32cubeide/plugins/com.st.stm32cube.ide.mcu.externaltools.gnu-tools-for-stm32.10.3-2021.10.win32_1.0.200.202301161003/tools/bin/../lib/gcc/arm-none-eabi/10.3.1/thumb/v7e-m+fp/hard/crti.o
[...]
Memory Configuration

Name             Origin             Length             Attributes
CCMRAM           0x0000000010000000 0x0000000000010000 xrw
RAM              0x0000000020000000 0x0000000000030000 xrw
FLASH            0x0000000008000000 0x0000000000200000 xr
*default*        0x0000000000000000 0xffffffffffffffff

Linker script and memory map

LOAD c:/st/stm32cubeide_1.12.0/stm32cubeide/plugins/com.st.stm32cube.ide.mcu.externaltools.gnu-tools-for-stm32.10.3-2021.10.win32_1.0.200.202301161003/tools/bin/../lib/gcc/arm-none-eabi/10.3.1/thumb/v7e-m+fp/hard/crti.o
LOAD c:/st/stm32cubeide_1.12.0/stm32cubeide/plugins/com.st.stm32cube.ide.mcu.externaltools.gnu-tools-for-stm32.10.3-2021.10.win32_1.0.200.202301161003/tools/bin/../lib/gcc/arm-none-eabi/10.3.1/thumb/v7e-m+fp/hard/crtbegin.o
LOAD c:/st/stm32cubeide_1.12.0/stm32cubeide/plugins/com.st.stm32cube.ide.mcu.externaltools.gnu-tools-for-stm32.10.3-2021.10.win32_1.0.200.202301161003/tools/bin/../lib/gcc/arm-none-eabi/10.3.1/../../../../arm-none-eabi/lib/thumb/v7e-m+fp/hard/crt0.o
LOAD ./Core/Src/debounceAvoid.o
LOAD ./Core/Src/main.o
LOAD ./Core/Src/stm32f4xx_hal_msp.o
LOAD ./Core/Src/stm32f4xx_it.o
LOAD ./Core/Src/syscalls.o
LOAD ./Core/Src/sysmem.o
LOAD ./Core/Src/system_stm32f4xx.o
LOAD ./Core/Startup/startup_stm32f429zitx.o
LOAD ./Drivers/STM32F4xx_HAL_Driver/Src/stm32f4xx_hal.o
LOAD ./Drivers/STM32F4xx_HAL_Driver/Src/stm32f4xx_hal_cortex.o
LOAD ./Drivers/STM32F4xx_HAL_Driver/Src/stm32f4xx_hal_dma.o
LOAD ./Drivers/STM32F4xx_HAL_Driver/Src/stm32f4xx_hal_dma_ex.o
LOAD ./Drivers/STM32F4xx_HAL_Driver/Src/stm32f4xx_hal_eth.o
LOAD ./Drivers/STM32F4xx_HAL_Driver/Src/stm32f4xx_hal_exti.o
LOAD ./Drivers/STM32F4xx_HAL_Driver/Src/stm32f4xx_hal_flash.o
LOAD ./Drivers/STM32F4xx_HAL_Driver/Src/stm32f4xx_hal_flash_ex.o
LOAD ./Drivers/STM32F4xx_HAL_Driver/Src/stm32f4xx_hal_flash_ramfunc.o
LOAD ./Drivers/STM32F4xx_HAL_Driver/Src/stm32f4xx_hal_gpio.o
LOAD ./Drivers/STM32F4xx_HAL_Driver/Src/stm32f4xx_hal_pcd.o
LOAD ./Drivers/STM32F4xx_HAL_Driver/Src/stm32f4xx_hal_pcd_ex.o
LOAD ./Drivers/STM32F4xx_HAL_Driver/Src/stm32f4xx_hal_pwr.o
LOAD ./Drivers/STM32F4xx_HAL_Driver/Src/stm32f4xx_hal_pwr_ex.o
LOAD ./Drivers/STM32F4xx_HAL_Driver/Src/stm32f4xx_hal_rcc.o
LOAD ./Drivers/STM32F4xx_HAL_Driver/Src/stm32f4xx_hal_rcc_ex.o
LOAD ./Drivers/STM32F4xx_HAL_Driver/Src/stm32f4xx_hal_tim.o
LOAD ./Drivers/STM32F4xx_HAL_Driver/Src/stm32f4xx_hal_tim_ex.o
LOAD ./Drivers/STM32F4xx_HAL_Driver/Src/stm32f4xx_hal_uart.o
LOAD ./Drivers/STM32F4xx_HAL_Driver/Src/stm32f4xx_ll_usb.o
START GROUP
LOAD c:/st/stm32cubeide_1.12.0/stm32cubeide/plugins/com.st.stm32cube.ide.mcu.externaltools.gnu-tools-for-stm32.10.3-2021.10.win32_1.0.200.202301161003/tools/bin/../lib/gcc/arm-none-eabi/10.3.1/../../../../arm-none-eabi/lib/thumb/v7e-m+fp/hard\libc_nano.a
LOAD c:/st/stm32cubeide_1.12.0/stm32cubeide/plugins/com.st.stm32cube.ide.mcu.externaltools.gnu-tools-for-stm32.10.3-2021.10.win32_1.0.200.202301161003/tools/bin/../lib/gcc/arm-none-eabi/10.3.1/../../../../arm-none-eabi/lib/thumb/v7e-m+fp/hard\libm.a
END GROUP
START GROUP
LOAD c:/st/stm32cubeide_1.12.0/stm32cubeide/plugins/com.st.stm32cube.ide.mcu.externaltools.gnu-tools-for-stm32.10.3-2021.10.win32_1.0.200.202301161003/tools/bin/../lib/gcc/arm-none-eabi/10.3.1/thumb/v7e-m+fp/hard\libgcc.a
LOAD c:/st/stm32cubeide_1.12.0/stm32cubeide/plugins/com.st.stm32cube.ide.mcu.externaltools.gnu-tools-for-stm32.10.3-2021.10.win32_1.0.200.202301161003/tools/bin/../lib/gcc/arm-none-eabi/10.3.1/../../../../arm-none-eabi/lib/thumb/v7e-m+fp/hard\libc_nano.a
END GROUP
START GROUP
LOAD c:/st/stm32cubeide_1.12.0/stm32cubeide/plugins/com.st.stm32cube.ide.mcu.externaltools.gnu-tools-for-stm32.10.3-2021.10.win32_1.0.200.202301161003/tools/bin/../lib/gcc/arm-none-eabi/10.3.1/thumb/v7e-m+fp/hard\libgcc.a
LOAD c:/st/stm32cubeide_1.12.0/stm32cubeide/plugins/com.st.stm32cube.ide.mcu.externaltools.gnu-tools-for-stm32.10.3-2021.10.win32_1.0.200.202301161003/tools/bin/../lib/gcc/arm-none-eabi/10.3.1/../../../../arm-none-eabi/lib/thumb/v7e-m+fp/hard\libc_nano.a
LOAD c:/st/stm32cubeide_1.12.0/stm32cubeide/plugins/com.st.stm32cube.ide.mcu.externaltools.gnu-tools-for-stm32.10.3-2021.10.win32_1.0.200.202301161003/tools/bin/../lib/gcc/arm-none-eabi/10.3.1/../../../../arm-none-eabi/lib/thumb/v7e-m+fp/hard\libnosys.a
END GROUP
START GROUP
LOAD c:/st/stm32cubeide_1.12.0/stm32cubeide/plugins/com.st.stm32cube.ide.mcu.externaltools.gnu-tools-for-stm32.10.3-2021.10.win32_1.0.200.202301161003/tools/bin/../lib/gcc/arm-none-eabi/10.3.1/thumb/v7e-m+fp/hard\libgcc.a
LOAD c:/st/stm32cubeide_1.12.0/stm32cubeide/plugins/com.st.stm32cube.ide.mcu.externaltools.gnu-tools-for-stm32.10.3-2021.10.win32_1.0.200.202301161003/tools/bin/../lib/gcc/arm-none-eabi/10.3.1/../../../../arm-none-eabi/lib/thumb/v7e-m+fp/hard\libc_nano.a
LOAD c:/st/stm32cubeide_1.12.0/stm32cubeide/plugins/com.st.stm32cube.ide.mcu.externaltools.gnu-tools-for-stm32.10.3-2021.10.win32_1.0.200.202301161003/tools/bin/../lib/gcc/arm-none-eabi/10.3.1/../../../../arm-none-eabi/lib/thumb/v7e-m+fp/hard\libnosys.a
END GROUP
LOAD c:/st/stm32cubeide_1.12.0/stm32cubeide/plugins/com.st.stm32cube.ide.mcu.externaltools.gnu-tools-for-stm32.10.3-2021.10.win32_1.0.200.202301161003/tools/bin/../lib/gcc/arm-none-eabi/10.3.1/thumb/v7e-m+fp/hard/crtend.o
LOAD c:/st/stm32cubeide_1.12.0/stm32cubeide/plugins/com.st.stm32cube.ide.mcu.externaltools.gnu-tools-for-stm32.10.3-2021.10.win32_1.0.200.202301161003/tools/bin/../lib/gcc/arm-none-eabi/10.3.1/thumb/v7e-m+fp/hard/crtn.o
                0x0000000020030000                _estack = (ORIGIN (RAM) + LENGTH (RAM))
                0x0000000000000200                _Min_Heap_Size = 0x200
                0x0000000000000400                _Min_Stack_Size = 0x400

.isr_vector     0x0000000008000000      0x1ac
                0x0000000008000000                . = ALIGN (0x4)
 *(.isr_vector)
 .isr_vector    0x0000000008000000      0x1ac ./Core/Startup/startup_stm32f429zitx.o
                0x0000000008000000                g_pfnVectors
                0x00000000080001ac                . = ALIGN (0x4)

.text           0x00000000080001ac     0x1ec8
                0x00000000080001ac                . = ALIGN (0x4)
 *(.text)
 .text          0x00000000080001ac       0x40 c:/st/stm32cubeide_1.12.0/stm32cubeide/plugins/com.st.stm32cube.ide.mcu.externaltools.gnu-tools-for-stm32.10.3-2021.10.win32_1.0.200.202301161003/tools/bin/../lib/gcc/arm-none-eabi/10.3.1/thumb/v7e-m+fp/hard/crtbegin.o
 .text          0x00000000080001ec       0x30 c:/st/stm32cubeide_1.12.0/stm32cubeide/plugins/com.st.stm32cube.ide.mcu.externaltools.gnu-tools-for-stm32.10.3-2021.10.win32_1.0.200.202301161003/tools/bin/../lib/gcc/arm-none-eabi/10.3.1/thumb/v7e-m+fp/hard\libgcc.a(_aeabi_uldivmod.o)
                0x00000000080001ec                __aeabi_uldivmod
 .text          0x000000000800021c      0x2d0 c:/st/stm32cubeide_1.12.0/stm32cubeide/plugins/com.st.stm32cube.ide.mcu.externaltools.gnu-tools-for-stm32.10.3-2021.10.win32_1.0.200.202301161003/tools/bin/../lib/gcc/arm-none-eabi/10.3.1/thumb/v7e-m+fp/hard\libgcc.a(_udivmoddi4.o)
                0x000000000800021c                __udivmoddi4
 .text          0x00000000080004ec        0x4 c:/st/stm32cubeide_1.12.0/stm32cubeide/plugins/com.st.stm32cube.ide.mcu.externaltools.gnu-tools-for-stm32.10.3-2021.10.win32_1.0.200.202301161003/tools/bin/../lib/gcc/arm-none-eabi/10.3.1/thumb/v7e-m+fp/hard\libgcc.a(_dvmd_tls.o)
                0x00000000080004ec                __aeabi_idiv0
                0x00000000080004ec                __aeabi_ldiv0
 *(.text*)
 .text.DebounceAvoid
                0x00000000080004f0       0xf4 ./Core/Src/debounceAvoid.o
                0x00000000080004f0                DebounceAvoid
 .text.main     0x00000000080005e4       0x84 ./Core/Src/main.o
                0x00000000080005e4                main
 .text.SystemClock_Config
                0x0000000008000668       0xd4 ./Core/Src/main.o
                0x0000000008000668                SystemClock_Config
 .text.MX_USART3_UART_Init
                0x000000000800073c       0x54 ./Core/Src/main.o
 .text.MX_GPIO_Init
                0x0000000008000790      0x15c ./Core/Src/main.o
 .text.Error_Handler
                0x00000000080008ec        0xa ./Core/Src/main.o
                0x00000000080008ec                Error_Handler
 *fill*         0x00000000080008f6        0x2 
 .text.HAL_MspInit
                0x00000000080008f8       0x50 ./Core/Src/stm32f4xx_hal_msp.o
                0x00000000080008f8                HAL_MspInit
 .text.HAL_UART_MspInit
                0x0000000008000948       0x90 ./Core/Src/stm32f4xx_hal_msp.o
                0x0000000008000948                HAL_UART_MspInit
 .text.NMI_Handler
                0x00000000080009d8        0x6 ./Core/Src/stm32f4xx_it.o
                0x00000000080009d8                NMI_Handler
 .text.HardFault_Handler
                0x00000000080009de        0x6 ./Core/Src/stm32f4xx_it.o
                0x00000000080009de                HardFault_Handler
 .text.MemManage_Handler
                0x00000000080009e4        0x6 ./Core/Src/stm32f4xx_it.o
                0x00000000080009e4                MemManage_Handler
 .text.BusFault_Handler
                0x00000000080009ea        0x6 ./Core/Src/stm32f4xx_it.o
                0x00000000080009ea                BusFault_Handler
 .text.UsageFault_Handler
                0x00000000080009f0        0x6 ./Core/Src/stm32f4xx_it.o
                0x00000000080009f0                UsageFault_Handler
 .text.SVC_Handler
                0x00000000080009f6        0xe ./Core/Src/stm32f4xx_it.o
                0x00000000080009f6                SVC_Handler
 .text.DebugMon_Handler
                0x0000000008000a04        0xe ./Core/Src/stm32f4xx_it.o
                0x0000000008000a04                DebugMon_Handler
 .text.PendSV_Handler
                0x0000000008000a12        0xe ./Core/Src/stm32f4xx_it.o
                0x0000000008000a12                PendSV_Handler
 .text.SysTick_Handler
                0x0000000008000a20       0x48 ./Core/Src/stm32f4xx_it.o
                0x0000000008000a20                SysTick_Handler
 .text.SystemInit
                0x0000000008000a68       0x24 ./Core/Src/system_stm32f4xx.o
                0x0000000008000a68                SystemInit
 .text.Reset_Handler
                0x0000000008000a8c       0x50 ./Core/Startup/startup_stm32f429zitx.o
                0x0000000008000a8c                Reset_Handler
 .text.Default_Handler
                0x0000000008000adc        0x2 ./Core/Startup/startup_stm32f429zitx.o
                0x0000000008000adc                RTC_Alarm_IRQHandler
                0x0000000008000adc                HASH_RNG_IRQHandler
                0x0000000008000adc                EXTI2_IRQHandler
                0x0000000008000adc                TIM8_CC_IRQHandler
                0x0000000008000adc                UART8_IRQHandler
                0x0000000008000adc                SPI4_IRQHandler
                0x0000000008000adc                TIM1_CC_IRQHandler
                0x0000000008000adc                DMA2_Stream5_IRQHandler
                0x0000000008000adc                DMA1_Stream5_IRQHandler
                0x0000000008000adc                PVD_IRQHandler
                0x0000000008000adc                SDIO_IRQHandler
                0x0000000008000adc                TAMP_STAMP_IRQHandler
                0x0000000008000adc                CAN2_RX1_IRQHandler
                0x0000000008000adc                EXTI3_IRQHandler
                0x0000000008000adc                TIM8_TRG_COM_TIM14_IRQHandler
                0x0000000008000adc                TIM1_UP_TIM10_IRQHandler
                0x0000000008000adc                TIM8_UP_TIM13_IRQHandler
                0x0000000008000adc                I2C3_ER_IRQHandler
                0x0000000008000adc                EXTI0_IRQHandler
                0x0000000008000adc                I2C2_EV_IRQHandler
                0x0000000008000adc                DMA1_Stream2_IRQHandler
                0x0000000008000adc                CAN1_RX0_IRQHandler
                0x0000000008000adc                FPU_IRQHandler
                0x0000000008000adc                OTG_HS_WKUP_IRQHandler
                0x0000000008000adc                LTDC_ER_IRQHandler
                0x0000000008000adc                CAN2_SCE_IRQHandler
                0x0000000008000adc                DMA2_Stream2_IRQHandler
                0x0000000008000adc                SPI1_IRQHandler
                0x0000000008000adc                TIM6_DAC_IRQHandler
                0x0000000008000adc                TIM1_BRK_TIM9_IRQHandler
                0x0000000008000adc                DCMI_IRQHandler
                0x0000000008000adc                CAN2_RX0_IRQHandler
                0x0000000008000adc                DMA2_Stream3_IRQHandler
                0x0000000008000adc                USART6_IRQHandler
                0x0000000008000adc                USART3_IRQHandler
                0x0000000008000adc                CAN1_RX1_IRQHandler
                0x0000000008000adc                UART5_IRQHandler
                0x0000000008000adc                DMA2_Stream0_IRQHandler
                0x0000000008000adc                TIM4_IRQHandler
                0x0000000008000adc                I2C1_EV_IRQHandler
                0x0000000008000adc                DMA1_Stream6_IRQHandler
                0x0000000008000adc                DMA1_Stream1_IRQHandler
                0x0000000008000adc                UART4_IRQHandler
                0x0000000008000adc                TIM3_IRQHandler
                0x0000000008000adc                RCC_IRQHandler
                0x0000000008000adc                TIM8_BRK_TIM12_IRQHandler
                0x0000000008000adc                Default_Handler
                0x0000000008000adc                EXTI15_10_IRQHandler
                0x0000000008000adc                ADC_IRQHandler
                0x0000000008000adc                DMA1_Stream7_IRQHandler
                0x0000000008000adc                SPI5_IRQHandler
                0x0000000008000adc                TIM7_IRQHandler
                0x0000000008000adc                CAN2_TX_IRQHandler
                0x0000000008000adc                TIM5_IRQHandler
                0x0000000008000adc                DMA2_Stream7_IRQHandler
                0x0000000008000adc                I2C3_EV_IRQHandler
                0x0000000008000adc                EXTI9_5_IRQHandler
                0x0000000008000adc                RTC_WKUP_IRQHandler
                0x0000000008000adc                LTDC_IRQHandler
                0x0000000008000adc                ETH_WKUP_IRQHandler
                0x0000000008000adc                SPI2_IRQHandler
                0x0000000008000adc                OTG_HS_EP1_IN_IRQHandler
                0x0000000008000adc                DMA1_Stream0_IRQHandler
                0x0000000008000adc                CAN1_TX_IRQHandler
                0x0000000008000adc                EXTI4_IRQHandler
                0x0000000008000adc                ETH_IRQHandler
                0x0000000008000adc                OTG_HS_EP1_OUT_IRQHandler
                0x0000000008000adc                WWDG_IRQHandler
                0x0000000008000adc                SPI6_IRQHandler
                0x0000000008000adc                TIM2_IRQHandler
                0x0000000008000adc                OTG_FS_WKUP_IRQHandler
                0x0000000008000adc                TIM1_TRG_COM_TIM11_IRQHandler
                0x0000000008000adc                OTG_HS_IRQHandler
                0x0000000008000adc                DMA2D_IRQHandler
                0x0000000008000adc                EXTI1_IRQHandler
                0x0000000008000adc                UART7_IRQHandler
                0x0000000008000adc                USART2_IRQHandler
                0x0000000008000adc                I2C2_ER_IRQHandler
                0x0000000008000adc                DMA2_Stream1_IRQHandler
                0x0000000008000adc                CAN1_SCE_IRQHandler
                0x0000000008000adc                FLASH_IRQHandler
                0x0000000008000adc                DMA2_Stream4_IRQHandler
                0x0000000008000adc                USART1_IRQHandler
                0x0000000008000adc                OTG_FS_IRQHandler
                0x0000000008000adc                SPI3_IRQHandler
                0x0000000008000adc                DMA1_Stream4_IRQHandler
                0x0000000008000adc                I2C1_ER_IRQHandler
                0x0000000008000adc                FMC_IRQHandler
                0x0000000008000adc                DMA2_Stream6_IRQHandler
                0x0000000008000adc                SAI1_IRQHandler
                0x0000000008000adc                DMA1_Stream3_IRQHandler
 *fill*         0x0000000008000ade        0x2 
 .text.HAL_Init
                0x0000000008000ae0       0x44 ./Drivers/STM32F4xx_HAL_Driver/Src/stm32f4xx_hal.o
                0x0000000008000ae0                HAL_Init
 .text.HAL_InitTick
                0x0000000008000b24       0x60 ./Drivers/STM32F4xx_HAL_Driver/Src/stm32f4xx_hal.o
                0x0000000008000b24                HAL_InitTick
 .text.HAL_IncTick
                0x0000000008000b84       0x28 ./Drivers/STM32F4xx_HAL_Driver/Src/stm32f4xx_hal.o
                0x0000000008000b84                HAL_IncTick
 .text.HAL_GetTick
                0x0000000008000bac       0x18 ./Drivers/STM32F4xx_HAL_Driver/Src/stm32f4xx_hal.o
                0x0000000008000bac                HAL_GetTick
 .text.__NVIC_SetPriorityGrouping
                0x0000000008000bc4       0x48 ./Drivers/STM32F4xx_HAL_Driver/Src/stm32f4xx_hal_cortex.o
 .text.__NVIC_GetPriorityGrouping
                0x0000000008000c0c       0x1c ./Drivers/STM32F4xx_HAL_Driver/Src/stm32f4xx_hal_cortex.o
 .text.__NVIC_SetPriority
                0x0000000008000c28       0x54 ./Drivers/STM32F4xx_HAL_Driver/Src/stm32f4xx_hal_cortex.o
 .text.NVIC_EncodePriority
                0x0000000008000c7c       0x66 ./Drivers/STM32F4xx_HAL_Driver/Src/stm32f4xx_hal_cortex.o
 *fill*         0x0000000008000ce2        0x2 
 .text.SysTick_Config
                0x0000000008000ce4       0x44 ./Drivers/STM32F4xx_HAL_Driver/Src/stm32f4xx_hal_cortex.o
 .text.HAL_NVIC_SetPriorityGrouping
                0x0000000008000d28       0x16 ./Drivers/STM32F4xx_HAL_Driver/Src/stm32f4xx_hal_cortex.o
                0x0000000008000d28                HAL_NVIC_SetPriorityGrouping
 .text.HAL_NVIC_SetPriority
                0x0000000008000d3e       0x38 ./Drivers/STM32F4xx_HAL_Driver/Src/stm32f4xx_hal_cortex.o
                0x0000000008000d3e                HAL_NVIC_SetPriority
 .text.HAL_SYSTICK_Config
                0x0000000008000d76       0x18 ./Drivers/STM32F4xx_HAL_Driver/Src/stm32f4xx_hal_cortex.o
                0x0000000008000d76                HAL_SYSTICK_Config
 *fill*         0x0000000008000d8e        0x2 
 .text.HAL_GPIO_Init
                0x0000000008000d90      0x358 ./Drivers/STM32F4xx_HAL_Driver/Src/stm32f4xx_hal_gpio.o
                0x0000000008000d90                HAL_GPIO_Init
 .text.HAL_GPIO_WritePin
                0x00000000080010e8       0x32 ./Drivers/STM32F4xx_HAL_Driver/Src/stm32f4xx_hal_gpio.o
                0x00000000080010e8                HAL_GPIO_WritePin
 .text.HAL_GPIO_TogglePin
                0x000000000800111a       0x34 ./Drivers/STM32F4xx_HAL_Driver/Src/stm32f4xx_hal_gpio.o
                0x000000000800111a                HAL_GPIO_TogglePin
 *fill*         0x000000000800114e        0x2 
 .text.HAL_RCC_OscConfig
                0x0000000008001150      0x4f0 ./Drivers/STM32F4xx_HAL_Driver/Src/stm32f4xx_hal_rcc.o
                0x0000000008001150                HAL_RCC_OscConfig
 .text.HAL_RCC_ClockConfig
                0x0000000008001640      0x1cc ./Drivers/STM32F4xx_HAL_Driver/Src/stm32f4xx_hal_rcc.o
                0x0000000008001640                HAL_RCC_ClockConfig
 .text.HAL_RCC_GetSysClockFreq
                0x000000000800180c      0x20c ./Drivers/STM32F4xx_HAL_Driver/Src/stm32f4xx_hal_rcc.o
                0x000000000800180c                HAL_RCC_GetSysClockFreq
 .text.HAL_RCC_GetHCLKFreq
                0x0000000008001a18       0x18 ./Drivers/STM32F4xx_HAL_Driver/Src/stm32f4xx_hal_rcc.o
                0x0000000008001a18                HAL_RCC_GetHCLKFreq
 .text.HAL_RCC_GetPCLK1Freq
                0x0000000008001a30       0x28 ./Drivers/STM32F4xx_HAL_Driver/Src/stm32f4xx_hal_rcc.o
                0x0000000008001a30                HAL_RCC_GetPCLK1Freq
 .text.HAL_RCC_GetPCLK2Freq
                0x0000000008001a58       0x28 ./Drivers/STM32F4xx_HAL_Driver/Src/stm32f4xx_hal_rcc.o
                0x0000000008001a58                HAL_RCC_GetPCLK2Freq
 .text.HAL_UART_Init
                0x0000000008001a80       0x9a ./Drivers/STM32F4xx_HAL_Driver/Src/stm32f4xx_hal_uart.o
                0x0000000008001a80                HAL_UART_Init
 *fill*         0x0000000008001b1a        0x2 
 .text.UART_SetConfig
                0x0000000008001b1c      0x4e8 ./Drivers/STM32F4xx_HAL_Driver/Src/stm32f4xx_hal_uart.o
 .text.__libc_init_array
                0x0000000008002004       0x48 c:/st/stm32cubeide_1.12.0/stm32cubeide/plugins/com.st.stm32cube.ide.mcu.externaltools.gnu-tools-for-stm32.10.3-2021.10.win32_1.0.200.202301161003/tools/bin/../lib/gcc/arm-none-eabi/10.3.1/../../../../arm-none-eabi/lib/thumb/v7e-m+fp/hard\libc_nano.a(lib_a-init.o)
                0x0000000008002004                __libc_init_array
 .text.memset   0x000000000800204c       0x10 c:/st/stm32cubeide_1.12.0/stm32cubeide/plugins/com.st.stm32cube.ide.mcu.externaltools.gnu-tools-for-stm32.10.3-2021.10.win32_1.0.200.202301161003/tools/bin/../lib/gcc/arm-none-eabi/10.3.1/../../../../arm-none-eabi/lib/thumb/v7e-m+fp/hard\libc_nano.a(lib_a-memset.o)
                0x000000000800204c                memset
 *(.glue_7)
 .glue_7        0x000000000800205c        0x0 linker stubs
 *(.glue_7t)
 .glue_7t       0x000000000800205c        0x0 linker stubs
 *(.eh_frame)
 .eh_frame      0x000000000800205c        0x0 c:/st/stm32cubeide_1.12.0/stm32cubeide/plugins/com.st.stm32cube.ide.mcu.externaltools.gnu-tools-for-stm32.10.3-2021.10.win32_1.0.200.202301161003/tools/bin/../lib/gcc/arm-none-eabi/10.3.1/thumb/v7e-m+fp/hard/crtbegin.o
 *(.init)
 .init          0x000000000800205c        0x4 c:/st/stm32cubeide_1.12.0/stm32cubeide/plugins/com.st.stm32cube.ide.mcu.externaltools.gnu-tools-for-stm32.10.3-2021.10.win32_1.0.200.202301161003/tools/bin/../lib/gcc/arm-none-eabi/10.3.1/thumb/v7e-m+fp/hard/crti.o
                0x000000000800205c                _init
 .init          0x0000000008002060        0x8 c:/st/stm32cubeide_1.12.0/stm32cubeide/plugins/com.st.stm32cube.ide.mcu.externaltools.gnu-tools-for-stm32.10.3-2021.10.win32_1.0.200.202301161003/tools/bin/../lib/gcc/arm-none-eabi/10.3.1/thumb/v7e-m+fp/hard/crtn.o
 *(.fini)
 .fini          0x0000000008002068        0x4 c:/st/stm32cubeide_1.12.0/stm32cubeide/plugins/com.st.stm32cube.ide.mcu.externaltools.gnu-tools-for-stm32.10.3-2021.10.win32_1.0.200.202301161003/tools/bin/../lib/gcc/arm-none-eabi/10.3.1/thumb/v7e-m+fp/hard/crti.o
                0x0000000008002068                _fini
 .fini          0x000000000800206c        0x8 c:/st/stm32cubeide_1.12.0/stm32cubeide/plugins/com.st.stm32cube.ide.mcu.externaltools.gnu-tools-for-stm32.10.3-2021.10.win32_1.0.200.202301161003/tools/bin/../lib/gcc/arm-none-eabi/10.3.1/thumb/v7e-m+fp/hard/crtn.o
                0x0000000008002074                . = ALIGN (0x4)
                0x0000000008002074                _etext = .

.vfp11_veneer   0x0000000008002074        0x0
 .vfp11_veneer  0x0000000008002074        0x0 linker stubs

.v4_bx          0x0000000008002074        0x0
 .v4_bx         0x0000000008002074        0x0 linker stubs

.iplt           0x0000000008002074        0x0
 .iplt          0x0000000008002074        0x0 c:/st/stm32cubeide_1.12.0/stm32cubeide/plugins/com.st.stm32cube.ide.mcu.externaltools.gnu-tools-for-stm32.10.3-2021.10.win32_1.0.200.202301161003/tools/bin/../lib/gcc/arm-none-eabi/10.3.1/thumb/v7e-m+fp/hard/crtbegin.o

.rodata         0x0000000008002074       0x18
                0x0000000008002074                . = ALIGN (0x4)
 *(.rodata)
 *(.rodata*)
 .rodata.AHBPrescTable
                0x0000000008002074       0x10 ./Core/Src/system_stm32f4xx.o
                0x0000000008002074                AHBPrescTable
 .rodata.APBPrescTable
                0x0000000008002084        0x8 ./Core/Src/system_stm32f4xx.o
                0x0000000008002084                APBPrescTable
                0x000000000800208c                . = ALIGN (0x4)

.ARM.extab      0x000000000800208c        0x0
                0x000000000800208c                . = ALIGN (0x4)
 *(.ARM.extab* .gnu.linkonce.armextab.*)
                0x000000000800208c                . = ALIGN (0x4)

.ARM            0x000000000800208c        0x8
                0x000000000800208c                . = ALIGN (0x4)
                0x000000000800208c                __exidx_start = .
 *(.ARM.exidx*)
 .ARM.exidx     0x000000000800208c        0x8 c:/st/stm32cubeide_1.12.0/stm32cubeide/plugins/com.st.stm32cube.ide.mcu.externaltools.gnu-tools-for-stm32.10.3-2021.10.win32_1.0.200.202301161003/tools/bin/../lib/gcc/arm-none-eabi/10.3.1/thumb/v7e-m+fp/hard\libgcc.a(_udivmoddi4.o)
                0x0000000008002094                __exidx_end = .
                0x0000000008002094                . = ALIGN (0x4)

.rel.dyn        0x0000000008002094        0x0
 .rel.iplt      0x0000000008002094        0x0 c:/st/stm32cubeide_1.12.0/stm32cubeide/plugins/com.st.stm32cube.ide.mcu.externaltools.gnu-tools-for-stm32.10.3-2021.10.win32_1.0.200.202301161003/tools/bin/../lib/gcc/arm-none-eabi/10.3.1/thumb/v7e-m+fp/hard/crtbegin.o

.preinit_array  0x0000000008002094        0x0
                0x0000000008002094                . = ALIGN (0x4)
                0x0000000008002094                PROVIDE (__preinit_array_start = .)
 *(.preinit_array*)
                0x0000000008002094                PROVIDE (__preinit_array_end = .)
                0x0000000008002094                . = ALIGN (0x4)

.init_array     0x0000000008002094        0x4
                0x0000000008002094                . = ALIGN (0x4)
                0x0000000008002094                PROVIDE (__init_array_start = .)
 *(SORT_BY_NAME(.init_array.*))
 *(.init_array*)
 .init_array    0x0000000008002094        0x4 c:/st/stm32cubeide_1.12.0/stm32cubeide/plugins/com.st.stm32cube.ide.mcu.externaltools.gnu-tools-for-stm32.10.3-2021.10.win32_1.0.200.202301161003/tools/bin/../lib/gcc/arm-none-eabi/10.3.1/thumb/v7e-m+fp/hard/crtbegin.o
                0x0000000008002098                PROVIDE (__init_array_end = .)
                0x0000000008002098                . = ALIGN (0x4)

.fini_array     0x0000000008002098        0x4
                0x0000000008002098                . = ALIGN (0x4)
                [!provide]                        PROVIDE (__fini_array_start = .)
 *(SORT_BY_NAME(.fini_array.*))
 *(.fini_array*)
 .fini_array    0x0000000008002098        0x4 c:/st/stm32cubeide_1.12.0/stm32cubeide/plugins/com.st.stm32cube.ide.mcu.externaltools.gnu-tools-for-stm32.10.3-2021.10.win32_1.0.200.202301161003/tools/bin/../lib/gcc/arm-none-eabi/10.3.1/thumb/v7e-m+fp/hard/crtbegin.o
                [!provide]                        PROVIDE (__fini_array_end = .)
                0x000000000800209c                . = ALIGN (0x4)
                0x000000000800209c                _sidata = LOADADDR (.data)

.data           0x0000000020000000        0xc load address 0x000000000800209c
                0x0000000020000000                . = ALIGN (0x4)
                0x0000000020000000                _sdata = .
 *(.data)
 *(.data*)
 .data.SystemCoreClock
                0x0000000020000000        0x4 ./Core/Src/system_stm32f4xx.o
                0x0000000020000000                SystemCoreClock
 .data.uwTickPrio
                0x0000000020000004        0x4 ./Drivers/STM32F4xx_HAL_Driver/Src/stm32f4xx_hal.o
                0x0000000020000004                uwTickPrio
 .data.uwTickFreq
                0x0000000020000008        0x1 ./Drivers/STM32F4xx_HAL_Driver/Src/stm32f4xx_hal.o
                0x0000000020000008                uwTickFreq
 *(.RamFunc)
 *(.RamFunc*)
                0x000000002000000c                . = ALIGN (0x4)
 *fill*         0x0000000020000009        0x3 
                0x000000002000000c                _edata = .
                0x00000000080020a8                _siccmram = LOADADDR (.ccmram)

.igot.plt       0x000000002000000c        0x0 load address 0x00000000080020a8
 .igot.plt      0x000000002000000c        0x0 c:/st/stm32cubeide_1.12.0/stm32cubeide/plugins/com.st.stm32cube.ide.mcu.externaltools.gnu-tools-for-stm32.10.3-2021.10.win32_1.0.200.202301161003/tools/bin/../lib/gcc/arm-none-eabi/10.3.1/thumb/v7e-m+fp/hard/crtbegin.o

.ccmram         0x0000000010000000        0x0 load address 0x00000000080020a8
                0x0000000010000000                . = ALIGN (0x4)
                0x0000000010000000                _sccmram = .
 *(.ccmram)
 *(.ccmram*)
                0x0000000010000000                . = ALIGN (0x4)
                0x0000000010000000                _eccmram = .
                0x0000000010000000                . = ALIGN (0x4)

.bss            0x000000002000000c       0x7c
                0x000000002000000c                _sbss = .
                0x000000002000000c                __bss_start__ = _sbss
 *(.bss)
 .bss           0x000000002000000c       0x1c c:/st/stm32cubeide_1.12.0/stm32cubeide/plugins/com.st.stm32cube.ide.mcu.externaltools.gnu-tools-for-stm32.10.3-2021.10.win32_1.0.200.202301161003/tools/bin/../lib/gcc/arm-none-eabi/10.3.1/thumb/v7e-m+fp/hard/crtbegin.o
 *(.bss*)
 .bss.keyCode   0x0000000020000028        0x1 ./Core/Src/debounceAvoid.o
                0x0000000020000028                keyCode
 .bss.commonKeyFlags
                0x0000000020000029        0x1 ./Core/Src/debounceAvoid.o
                0x0000000020000029                commonKeyFlags
 *fill*         0x000000002000002a        0x2 
 .bss.huart3    0x000000002000002c       0x44 ./Core/Src/main.o
                0x000000002000002c                huart3
 .bss.key1      0x0000000020000070        0xc ./Core/Src/main.o
                0x0000000020000070                key1
 .bss.keysProperties
                0x000000002000007c        0x6 ./Core/Src/main.o
                0x000000002000007c                keysProperties
 .bss.cnt       0x0000000020000082        0x2 ./Core/Src/stm32f4xx_it.o
                0x0000000020000082                cnt
 .bss.uwTick    0x0000000020000084        0x4 ./Drivers/STM32F4xx_HAL_Driver/Src/stm32f4xx_hal.o
                0x0000000020000084                uwTick
 *(COMMON)
                0x0000000020000088                . = ALIGN (0x4)
                0x0000000020000088                _ebss = .
                0x0000000020000088                __bss_end__ = _ebss

._user_heap_stack
                0x0000000020000088      0x600
                0x0000000020000088                . = ALIGN (0x8)
                [!provide]                        PROVIDE (end = .)
                0x0000000020000088                PROVIDE (_end = .)
                0x0000000020000288                . = (. + _Min_Heap_Size)
 *fill*         0x0000000020000088      0x200 
                0x0000000020000688                . = (. + _Min_Stack_Size)
 *fill*         0x0000000020000288      0x400 
                0x0000000020000688                . = ALIGN (0x8)

/DISCARD/
 libc.a(*)
 libm.a(*)
 libgcc.a(*)

.ARM.attributes
                0x0000000000000000       0x30
 *(.ARM.attributes)
 .ARM.attributes
                0x0000000000000000       0x1e c:/st/stm32cubeide_1.12.0/stm32cubeide/plugins/com.st.stm32cube.ide.mcu.externaltools.gnu-tools-for-stm32.10.3-2021.10.win32_1.0.200.202301161003/tools/bin/../lib/gcc/arm-none-eabi/10.3.1/thumb/v7e-m+fp/hard/crti.o
 .ARM.attributes
                0x000000000000001e       0x34 c:/st/stm32cubeide_1.12.0/stm32cubeide/plugins/com.st.stm32cube.ide.mcu.externaltools.gnu-tools-for-stm32.10.3-2021.10.win32_1.0.200.202301161003/tools/bin/../lib/gcc/arm-none-eabi/10.3.1/thumb/v7e-m+fp/hard/crtbegin.o
 .ARM.attributes
                0x0000000000000052       0x34 ./Core/Src/debounceAvoid.o
 .ARM.attributes
                0x0000000000000086       0x34 ./Core/Src/main.o
 .ARM.attributes
                0x00000000000000ba       0x34 ./Core/Src/stm32f4xx_hal_msp.o
 .ARM.attributes
                0x00000000000000ee       0x34 ./Core/Src/stm32f4xx_it.o
 .ARM.attributes
                0x0000000000000122       0x34 ./Core/Src/system_stm32f4xx.o
 .ARM.attributes
                0x0000000000000156       0x21 ./Core/Startup/startup_stm32f429zitx.o
 .ARM.attributes
                0x0000000000000177       0x34 ./Drivers/STM32F4xx_HAL_Driver/Src/stm32f4xx_hal.o
 .ARM.attributes
                0x00000000000001ab       0x34 ./Drivers/STM32F4xx_HAL_Driver/Src/stm32f4xx_hal_cortex.o
 .ARM.attributes
                0x00000000000001df       0x34 ./Drivers/STM32F4xx_HAL_Driver/Src/stm32f4xx_hal_gpio.o
 .ARM.attributes
                0x0000000000000213       0x34 ./Drivers/STM32F4xx_HAL_Driver/Src/stm32f4xx_hal_rcc.o
 .ARM.attributes
                0x0000000000000247       0x34 ./Drivers/STM32F4xx_HAL_Driver/Src/stm32f4xx_hal_uart.o
 .ARM.attributes
                0x000000000000027b       0x34 c:/st/stm32cubeide_1.12.0/stm32cubeide/plugins/com.st.stm32cube.ide.mcu.externaltools.gnu-tools-for-stm32.10.3-2021.10.win32_1.0.200.202301161003/tools/bin/../lib/gcc/arm-none-eabi/10.3.1/../../../../arm-none-eabi/lib/thumb/v7e-m+fp/hard\libc_nano.a(lib_a-init.o)
 .ARM.attributes
                0x00000000000002af       0x34 c:/st/stm32cubeide_1.12.0/stm32cubeide/plugins/com.st.stm32cube.ide.mcu.externaltools.gnu-tools-for-stm32.10.3-2021.10.win32_1.0.200.202301161003/tools/bin/../lib/gcc/arm-none-eabi/10.3.1/../../../../arm-none-eabi/lib/thumb/v7e-m+fp/hard\libc_nano.a(lib_a-memset.o)
 .ARM.attributes
                0x00000000000002e3       0x1e c:/st/stm32cubeide_1.12.0/stm32cubeide/plugins/com.st.stm32cube.ide.mcu.externaltools.gnu-tools-for-stm32.10.3-2021.10.win32_1.0.200.202301161003/tools/bin/../lib/gcc/arm-none-eabi/10.3.1/thumb/v7e-m+fp/hard\libgcc.a(_aeabi_uldivmod.o)
 .ARM.attributes
                0x0000000000000301       0x34 c:/st/stm32cubeide_1.12.0/stm32cubeide/plugins/com.st.stm32cube.ide.mcu.externaltools.gnu-tools-for-stm32.10.3-2021.10.win32_1.0.200.202301161003/tools/bin/../lib/gcc/arm-none-eabi/10.3.1/thumb/v7e-m+fp/hard\libgcc.a(_udivmoddi4.o)
 .ARM.attributes
                0x0000000000000335       0x1e c:/st/stm32cubeide_1.12.0/stm32cubeide/plugins/com.st.stm32cube.ide.mcu.externaltools.gnu-tools-for-stm32.10.3-2021.10.win32_1.0.200.202301161003/tools/bin/../lib/gcc/arm-none-eabi/10.3.1/thumb/v7e-m+fp/hard\libgcc.a(_dvmd_tls.o)
 .ARM.attributes
                0x0000000000000353       0x1e c:/st/stm32cubeide_1.12.0/stm32cubeide/plugins/com.st.stm32cube.ide.mcu.externaltools.gnu-tools-for-stm32.10.3-2021.10.win32_1.0.200.202301161003/tools/bin/../lib/gcc/arm-none-eabi/10.3.1/thumb/v7e-m+fp/hard/crtn.o
OUTPUT(DebounceAvoid.elf elf32-littlearm)
LOAD linker stubs
LOAD c:/st/stm32cubeide_1.12.0/stm32cubeide/plugins/com.st.stm32cube.ide.mcu.externaltools.gnu-tools-for-stm32.10.3-2021.10.win32_1.0.200.202301161003/tools/bin/../lib/gcc/arm-none-eabi/10.3.1/../../../../arm-none-eabi/lib/thumb/v7e-m+fp/hard\libc.a
LOAD c:/st/stm32cubeide_1.12.0/stm32cubeide/plugins/com.st.stm32cube.ide.mcu.externaltools.gnu-tools-for-stm32.10.3-2021.10.win32_1.0.200.202301161003/tools/bin/../lib/gcc/arm-none-eabi/10.3.1/../../../../arm-none-eabi/lib/thumb/v7e-m+fp/hard\libm.a
LOAD c:/st/stm32cubeide_1.12.0/stm32cubeide/plugins/com.st.stm32cube.ide.mcu.externaltools.gnu-tools-for-stm32.10.3-2021.10.win32_1.0.200.202301161003/tools/bin/../lib/gcc/arm-none-eabi/10.3.1/thumb/v7e-m+fp/hard\libgcc.a

.debug_info     0x0000000000000000     0x7f4b
 .debug_info    0x0000000000000000      0x2a5 ./Core/Src/debounceAvoid.o
 .debug_info    0x00000000000002a5      0xf77 ./Core/Src/main.o
 .debug_info    0x000000000000121c      0x987 ./Core/Src/stm32f4xx_hal_msp.o
 .debug_info    0x0000000000001ba3      0x33e ./Core/Src/stm32f4xx_it.o
 .debug_info    0x0000000000001ee1      0x53f ./Core/Src/system_stm32f4xx.o
 .debug_info    0x0000000000002420       0x22 ./Core/Startup/startup_stm32f429zitx.o
 .debug_info    0x0000000000002442      0x9f4 ./Drivers/STM32F4xx_HAL_Driver/Src/stm32f4xx_hal.o
 .debug_info    0x0000000000002e36      0xe51 ./Drivers/STM32F4xx_HAL_Driver/Src/stm32f4xx_hal_cortex.o
 .debug_info    0x0000000000003c87      0x786 ./Drivers/STM32F4xx_HAL_Driver/Src/stm32f4xx_hal_gpio.o
 .debug_info    0x000000000000440d      0x982 ./Drivers/STM32F4xx_HAL_Driver/Src/stm32f4xx_hal_rcc.o
 .debug_info    0x0000000000004d8f     0x31bc ./Drivers/STM32F4xx_HAL_Driver/Src/stm32f4xx_hal_uart.o

.debug_abbrev   0x0000000000000000     0x1473
 .debug_abbrev  0x0000000000000000      0x146 ./Core/Src/debounceAvoid.o
 .debug_abbrev  0x0000000000000146      0x265 ./Core/Src/main.o
 .debug_abbrev  0x00000000000003ab      0x19b ./Core/Src/stm32f4xx_hal_msp.o
 .debug_abbrev  0x0000000000000546      0x180 ./Core/Src/stm32f4xx_it.o
 .debug_abbrev  0x00000000000006c6      0x116 ./Core/Src/system_stm32f4xx.o
 .debug_abbrev  0x00000000000007dc       0x12 ./Core/Startup/startup_stm32f429zitx.o
 .debug_abbrev  0x00000000000007ee      0x20d ./Drivers/STM32F4xx_HAL_Driver/Src/stm32f4xx_hal.o
 .debug_abbrev  0x00000000000009fb      0x316 ./Drivers/STM32F4xx_HAL_Driver/Src/stm32f4xx_hal_cortex.o
 .debug_abbrev  0x0000000000000d11      0x1c4 ./Drivers/STM32F4xx_HAL_Driver/Src/stm32f4xx_hal_gpio.o
 .debug_abbrev  0x0000000000000ed5      0x2aa ./Drivers/STM32F4xx_HAL_Driver/Src/stm32f4xx_hal_rcc.o
 .debug_abbrev  0x000000000000117f      0x2f4 ./Drivers/STM32F4xx_HAL_Driver/Src/stm32f4xx_hal_uart.o

.debug_aranges  0x0000000000000000      0x638
 .debug_aranges
                0x0000000000000000       0x20 ./Core/Src/debounceAvoid.o
 .debug_aranges
                0x0000000000000020       0x40 ./Core/Src/main.o
 .debug_aranges
                0x0000000000000060       0x30 ./Core/Src/stm32f4xx_hal_msp.o
 .debug_aranges
                0x0000000000000090       0x60 ./Core/Src/stm32f4xx_it.o
 .debug_aranges
                0x00000000000000f0       0x28 ./Core/Src/system_stm32f4xx.o
 .debug_aranges
                0x0000000000000118       0x28 ./Core/Startup/startup_stm32f429zitx.o
 .debug_aranges
                0x0000000000000140      0x100 ./Drivers/STM32F4xx_HAL_Driver/Src/stm32f4xx_hal.o
 .debug_aranges
                0x0000000000000240      0x118 ./Drivers/STM32F4xx_HAL_Driver/Src/stm32f4xx_hal_cortex.o
 .debug_aranges
                0x0000000000000358       0x58 ./Drivers/STM32F4xx_HAL_Driver/Src/stm32f4xx_hal_gpio.o
 .debug_aranges
                0x00000000000003b0       0x88 ./Drivers/STM32F4xx_HAL_Driver/Src/stm32f4xx_hal_rcc.o
 .debug_aranges
                0x0000000000000438      0x200 ./Drivers/STM32F4xx_HAL_Driver/Src/stm32f4xx_hal_uart.o

.debug_ranges   0x0000000000000000      0x5c0
 .debug_ranges  0x0000000000000000       0x10 ./Core/Src/debounceAvoid.o
 .debug_ranges  0x0000000000000010       0x30 ./Core/Src/main.o
 .debug_ranges  0x0000000000000040       0x20 ./Core/Src/stm32f4xx_hal_msp.o
 .debug_ranges  0x0000000000000060       0x50 ./Core/Src/stm32f4xx_it.o
 .debug_ranges  0x00000000000000b0       0x18 ./Core/Src/system_stm32f4xx.o
 .debug_ranges  0x00000000000000c8       0x20 ./Core/Startup/startup_stm32f429zitx.o
 .debug_ranges  0x00000000000000e8       0xf0 ./Drivers/STM32F4xx_HAL_Driver/Src/stm32f4xx_hal.o
 .debug_ranges  0x00000000000001d8      0x108 ./Drivers/STM32F4xx_HAL_Driver/Src/stm32f4xx_hal_cortex.o
 .debug_ranges  0x00000000000002e0       0x48 ./Drivers/STM32F4xx_HAL_Driver/Src/stm32f4xx_hal_gpio.o
 .debug_ranges  0x0000000000000328       0x78 ./Drivers/STM32F4xx_HAL_Driver/Src/stm32f4xx_hal_rcc.o
 .debug_ranges  0x00000000000003a0      0x220 ./Drivers/STM32F4xx_HAL_Driver/Src/stm32f4xx_hal_uart.o

.debug_macro    0x0000000000000000    0x236d5
 .debug_macro   0x0000000000000000      0x206 ./Core/Src/debounceAvoid.o
 .debug_macro   0x0000000000000206      0xa78 ./Core/Src/debounceAvoid.o
 .debug_macro   0x0000000000000c7e      0x2a1 ./Core/Src/debounceAvoid.o
 .debug_macro   0x0000000000000f1f       0x2e ./Core/Src/debounceAvoid.o
 .debug_macro   0x0000000000000f4d       0x28 ./Core/Src/debounceAvoid.o
 .debug_macro   0x0000000000000f75       0x22 ./Core/Src/debounceAvoid.o
 .debug_macro   0x0000000000000f97       0x8e ./Core/Src/debounceAvoid.o
 .debug_macro   0x0000000000001025       0x51 ./Core/Src/debounceAvoid.o
 .debug_macro   0x0000000000001076      0x103 ./Core/Src/debounceAvoid.o
 .debug_macro   0x0000000000001179       0x6a ./Core/Src/debounceAvoid.o
 .debug_macro   0x00000000000011e3      0x1df ./Core/Src/debounceAvoid.o
 .debug_macro   0x00000000000013c2       0x1c ./Core/Src/debounceAvoid.o
 .debug_macro   0x00000000000013de       0x22 ./Core/Src/debounceAvoid.o
 .debug_macro   0x0000000000001400       0xd9 ./Core/Src/debounceAvoid.o
 .debug_macro   0x00000000000014d9     0x102d ./Core/Src/debounceAvoid.o
 .debug_macro   0x0000000000002506      0x11f ./Core/Src/debounceAvoid.o
 .debug_macro   0x0000000000002625    0x17fc0 ./Core/Src/debounceAvoid.o
 .debug_macro   0x000000000001a5e5       0x6d ./Core/Src/debounceAvoid.o
 .debug_macro   0x000000000001a652     0x36f5 ./Core/Src/debounceAvoid.o
 .debug_macro   0x000000000001dd47      0x174 ./Core/Src/debounceAvoid.o
 .debug_macro   0x000000000001debb       0x5c ./Core/Src/debounceAvoid.o
 .debug_macro   0x000000000001df17      0xca5 ./Core/Src/debounceAvoid.o
 .debug_macro   0x000000000001ebbc      0x9fe ./Core/Src/debounceAvoid.o
 .debug_macro   0x000000000001f5ba      0x115 ./Core/Src/debounceAvoid.o
 .debug_macro   0x000000000001f6cf      0x156 ./Core/Src/debounceAvoid.o
 .debug_macro   0x000000000001f825       0xa5 ./Core/Src/debounceAvoid.o
 .debug_macro   0x000000000001f8ca      0x182 ./Core/Src/debounceAvoid.o
 .debug_macro   0x000000000001fa4c      0x287 ./Core/Src/debounceAvoid.o
 .debug_macro   0x000000000001fcd3       0x5f ./Core/Src/debounceAvoid.o
 .debug_macro   0x000000000001fd32      0x236 ./Core/Src/debounceAvoid.o
 .debug_macro   0x000000000001ff68      0xd44 ./Core/Src/debounceAvoid.o
 .debug_macro   0x0000000000020cac      0x132 ./Core/Src/debounceAvoid.o
 .debug_macro   0x0000000000020dde      0x41d ./Core/Src/debounceAvoid.o
 .debug_macro   0x00000000000211fb       0x2e ./Core/Src/debounceAvoid.o
 .debug_macro   0x0000000000021229      0x11a ./Core/Src/debounceAvoid.o
 .debug_macro   0x0000000000021343       0xe2 ./Core/Src/debounceAvoid.o
 .debug_macro   0x0000000000021425       0x89 ./Core/Src/debounceAvoid.o
 .debug_macro   0x00000000000214ae      0x295 ./Core/Src/debounceAvoid.o
 .debug_macro   0x0000000000021743      0x248 ./Core/Src/debounceAvoid.o
 .debug_macro   0x000000000002198b       0xba ./Core/Src/debounceAvoid.o
 .debug_macro   0x0000000000021a45      0x134 ./Core/Src/debounceAvoid.o
 .debug_macro   0x0000000000021b79      0x130 ./Core/Src/debounceAvoid.o
 .debug_macro   0x0000000000021ca9       0x1c ./Core/Src/debounceAvoid.o
 .debug_macro   0x0000000000021cc5      0x2d8 ./Core/Src/main.o
 .debug_macro   0x0000000000021f9d       0x52 ./Core/Src/main.o
 .debug_macro   0x0000000000021fef       0x1e ./Core/Src/main.o
 .debug_macro   0x000000000002200d       0x3c ./Core/Src/main.o
 .debug_macro   0x0000000000022049       0x34 ./Core/Src/main.o
 .debug_macro   0x000000000002207d       0x16 ./Core/Src/main.o
 .debug_macro   0x0000000000022093       0x43 ./Core/Src/main.o
 .debug_macro   0x00000000000220d6       0x34 ./Core/Src/main.o
 .debug_macro   0x000000000002210a       0x10 ./Core/Src/main.o
 .debug_macro   0x000000000002211a       0x58 ./Core/Src/main.o
 .debug_macro   0x0000000000022172       0x71 ./Core/Src/main.o
 .debug_macro   0x00000000000221e3       0x1c ./Core/Src/main.o
 .debug_macro   0x00000000000221ff      0x12a ./Core/Src/main.o
 .debug_macro   0x0000000000022329      0x341 ./Core/Src/main.o
 .debug_macro   0x000000000002266a       0x10 ./Core/Src/main.o
 .debug_macro   0x000000000002267a       0x35 ./Core/Src/main.o
 .debug_macro   0x00000000000226af       0x20 ./Core/Src/main.o
 .debug_macro   0x00000000000226cf      0x1f7 ./Core/Src/stm32f4xx_hal_msp.o
 .debug_macro   0x00000000000228c6      0x214 ./Core/Src/stm32f4xx_it.o
 .debug_macro   0x0000000000022ada      0x1e8 ./Core/Src/system_stm32f4xx.o
 .debug_macro   0x0000000000022cc2      0x248 ./Drivers/STM32F4xx_HAL_Driver/Src/stm32f4xx_hal.o
 .debug_macro   0x0000000000022f0a      0x1e8 ./Drivers/STM32F4xx_HAL_Driver/Src/stm32f4xx_hal_cortex.o
 .debug_macro   0x00000000000230f2      0x1ee ./Drivers/STM32F4xx_HAL_Driver/Src/stm32f4xx_hal_gpio.o
 .debug_macro   0x00000000000232e0      0x20c ./Drivers/STM32F4xx_HAL_Driver/Src/stm32f4xx_hal_rcc.o
 .debug_macro   0x00000000000234ec      0x1e9 ./Drivers/STM32F4xx_HAL_Driver/Src/stm32f4xx_hal_uart.o

.debug_line     0x0000000000000000     0x81d7
 .debug_line    0x0000000000000000      0x77a ./Core/Src/debounceAvoid.o
 .debug_line    0x000000000000077a      0x973 ./Core/Src/main.o
 .debug_line    0x00000000000010ed      0x73d ./Core/Src/stm32f4xx_hal_msp.o
 .debug_line    0x000000000000182a      0x7d9 ./Core/Src/stm32f4xx_it.o
 .debug_line    0x0000000000002003      0x772 ./Core/Src/system_stm32f4xx.o
 .debug_line    0x0000000000002775       0x88 ./Core/Startup/startup_stm32f429zitx.o
 .debug_line    0x00000000000027fd      0xa0e ./Drivers/STM32F4xx_HAL_Driver/Src/stm32f4xx_hal.o
 .debug_line    0x000000000000320b      0xc87 ./Drivers/STM32F4xx_HAL_Driver/Src/stm32f4xx_hal_cortex.o
 .debug_line    0x0000000000003e92      0xb74 ./Drivers/STM32F4xx_HAL_Driver/Src/stm32f4xx_hal_gpio.o
 .debug_line    0x0000000000004a06      0xd54 ./Drivers/STM32F4xx_HAL_Driver/Src/stm32f4xx_hal_rcc.o
 .debug_line    0x000000000000575a     0x2a7d ./Drivers/STM32F4xx_HAL_Driver/Src/stm32f4xx_hal_uart.o

.debug_str      0x0000000000000000    0xd6e7d
 .debug_str     0x0000000000000000    0xd1ce3 ./Core/Src/debounceAvoid.o
                                      0xd1f6b (size before relaxing)
 .debug_str     0x00000000000d1ce3     0x36d2 ./Core/Src/main.o
                                      0xd568a (size before relaxing)
 .debug_str     0x00000000000d53b5       0x66 ./Core/Src/stm32f4xx_hal_msp.o
                                      0xd23c1 (size before relaxing)
 .debug_str     0x00000000000d541b       0xc9 ./Core/Src/stm32f4xx_it.o
                                      0xd2014 (size before relaxing)
 .debug_str     0x00000000000d54e4       0xdb ./Core/Src/system_stm32f4xx.o
                                      0xd1ab9 (size before relaxing)
 .debug_str     0x00000000000d55bf       0x36 ./Core/Startup/startup_stm32f429zitx.o
                                         0x71 (size before relaxing)
 .debug_str     0x00000000000d55f5      0xbb0 ./Drivers/STM32F4xx_HAL_Driver/Src/stm32f4xx_hal.o
                                      0xd26dc (size before relaxing)
 .debug_str     0x00000000000d61a5      0x354 ./Drivers/STM32F4xx_HAL_Driver/Src/stm32f4xx_hal_cortex.o
                                      0xd23c1 (size before relaxing)
 .debug_str     0x00000000000d64f9      0x108 ./Drivers/STM32F4xx_HAL_Driver/Src/stm32f4xx_hal_gpio.o
                                      0xd1c34 (size before relaxing)
 .debug_str     0x00000000000d6601      0x233 ./Drivers/STM32F4xx_HAL_Driver/Src/stm32f4xx_hal_rcc.o
                                      0xd1eed (size before relaxing)
 .debug_str     0x00000000000d6834      0x649 ./Drivers/STM32F4xx_HAL_Driver/Src/stm32f4xx_hal_uart.o
                                      0xd2479 (size before relaxing)

.comment        0x0000000000000000       0x50
 .comment       0x0000000000000000       0x50 ./Core/Src/debounceAvoid.o
                                         0x51 (size before relaxing)
 .comment       0x0000000000000050       0x51 ./Core/Src/main.o
 .comment       0x0000000000000050       0x51 ./Core/Src/stm32f4xx_hal_msp.o
 .comment       0x0000000000000050       0x51 ./Core/Src/stm32f4xx_it.o
 .comment       0x0000000000000050       0x51 ./Core/Src/system_stm32f4xx.o
 .comment       0x0000000000000050       0x51 ./Drivers/STM32F4xx_HAL_Driver/Src/stm32f4xx_hal.o
 .comment       0x0000000000000050       0x51 ./Drivers/STM32F4xx_HAL_Driver/Src/stm32f4xx_hal_cortex.o
 .comment       0x0000000000000050       0x51 ./Drivers/STM32F4xx_HAL_Driver/Src/stm32f4xx_hal_gpio.o
 .comment       0x0000000000000050       0x51 ./Drivers/STM32F4xx_HAL_Driver/Src/stm32f4xx_hal_rcc.o
 .comment       0x0000000000000050       0x51 ./Drivers/STM32F4xx_HAL_Driver/Src/stm32f4xx_hal_uart.o

.debug_frame    0x0000000000000000     0x1820
 .debug_frame   0x0000000000000000       0x38 ./Core/Src/debounceAvoid.o
 .debug_frame   0x0000000000000038       0xa8 ./Core/Src/main.o
 .debug_frame   0x00000000000000e0       0x80 ./Core/Src/stm32f4xx_hal_msp.o
 .debug_frame   0x0000000000000160      0x104 ./Core/Src/stm32f4xx_it.o
 .debug_frame   0x0000000000000264       0x58 ./Core/Src/system_stm32f4xx.o
 .debug_frame   0x00000000000002bc      0x3b4 ./Drivers/STM32F4xx_HAL_Driver/Src/stm32f4xx_hal.o
 .debug_frame   0x0000000000000670      0x498 ./Drivers/STM32F4xx_HAL_Driver/Src/stm32f4xx_hal_cortex.o
 .debug_frame   0x0000000000000b08      0x14c ./Drivers/STM32F4xx_HAL_Driver/Src/stm32f4xx_hal_gpio.o
 .debug_frame   0x0000000000000c54      0x1f4 ./Drivers/STM32F4xx_HAL_Driver/Src/stm32f4xx_hal_rcc.o
 .debug_frame   0x0000000000000e48      0x92c ./Drivers/STM32F4xx_HAL_Driver/Src/stm32f4xx_hal_uart.o
 .debug_frame   0x0000000000001774       0x2c c:/st/stm32cubeide_1.12.0/stm32cubeide/plugins/com.st.stm32cube.ide.mcu.externaltools.gnu-tools-for-stm32.10.3-2021.10.win32_1.0.200.202301161003/tools/bin/../lib/gcc/arm-none-eabi/10.3.1/../../../../arm-none-eabi/lib/thumb/v7e-m+fp/hard\libc_nano.a(lib_a-init.o)
 .debug_frame   0x00000000000017a0       0x20 c:/st/stm32cubeide_1.12.0/stm32cubeide/plugins/com.st.stm32cube.ide.mcu.externaltools.gnu-tools-for-stm32.10.3-2021.10.win32_1.0.200.202301161003/tools/bin/../lib/gcc/arm-none-eabi/10.3.1/../../../../arm-none-eabi/lib/thumb/v7e-m+fp/hard\libc_nano.a(lib_a-memset.o)
 .debug_frame   0x00000000000017c0       0x2c c:/st/stm32cubeide_1.12.0/stm32cubeide/plugins/com.st.stm32cube.ide.mcu.externaltools.gnu-tools-for-stm32.10.3-2021.10.win32_1.0.200.202301161003/tools/bin/../lib/gcc/arm-none-eabi/10.3.1/thumb/v7e-m+fp/hard\libgcc.a(_aeabi_uldivmod.o)
 .debug_frame   0x00000000000017ec       0x34 c:/st/stm32cubeide_1.12.0/stm32cubeide/plugins/com.st.stm32cube.ide.mcu.externaltools.gnu-tools-for-stm32.10.3-2021.10.win32_1.0.200.202301161003/tools/bin/../lib/gcc/arm-none-eabi/10.3.1/thumb/v7e-m+fp/hard\libgcc.a(_udivmoddi4.o)
